  [final-fx drawn] ironhail v spellbreaker 99015: draws 1927 thrown None windows 5 resolved 84 (landed 30) found 84 spot 84 bad [] hit 84 bad [] tag 30 bad [] killing landings 0 | hail frames 1731 (stop 282) close->0 [0.5, 0.5, 0.5, 0.6083] death->0 [] | at kill [[0.9833333333333333, False, True]] -> 0 after 0.5 s; bolts in the air at the kill 1 faded after 0.2417 s | max puffs 3 | w written False
  [final-fx drawn] dawnbringer v ironhail 99001: draws 1312 thrown None windows 3 resolved 58 (landed 18) found 58 spot 58 bad [] hit 58 bad [] tag 18 bad [] killing landings 0 | hail frames 1135 (stop 119) close->0 [0.5333, 0.5417] death->0 [] | at kill [[0.9833333333333333, False, False]] -> 0 after 0.5 s; bolts in the air at the kill 0 faded after None s | max puffs 3 | w written False
  [final-fx drawn] ironhail v gravemourn 99015: draws 951 thrown None windows 2 resolved 40 (landed 15) found 40 spot 40 bad [] hit 40 bad [] tag 15 bad [] killing landings 0 | hail frames 787 (stop 93) close->0 [0.5, 0.5] death->0 [] | at kill [[0, True, False]] -> 0 after 0 s; bolts in the air at the kill 0 faded after None s | max puffs 3 | w written False
  [final-fx drawn] twinshade v ironhail 99008: draws 1452 thrown None windows 3 resolved 60 (landed 12) found 60 spot 60 bad [] hit 60 bad [] tag 12 bad [] killing landings 0 | hail frames 1242 (stop 255) close->0 [0.5833, 0.9833, 0.625] death->0 [] | at kill [[0, True, False]] -> 0 after 0 s; bolts in the air at the kill 0 faded after None s | max puffs 3 | w written False
  [final-fx drawn] ironhail v grudgebearer 31337: draws 885 thrown None windows 2 resolved 33 (landed 7) found 33 spot 33 bad [] hit 33 bad [] tag 7 bad [] killing landings 0 | hail frames 782 (stop 211) close->0 [0.5] death->0 [] | at kill [[0.9833333333333333, True, False]] -> 0 after 0.5 s; bolts in the air at the kill 1 faded after 0.2417 s | max puffs 3 | w written False
  [final-fx drawn] aureole v ironhail 4101: draws 923 thrown None windows 2 resolved 40 (landed 8) found 40 spot 40 bad [] hit 40 bad [] tag 8 bad [] killing landings 0 | hail frames 742 (stop 62) close->0 [0.5333, 0.5] death->0 [] | at kill [[0, True, False]] -> 0 after 0 s; bolts in the air at the kill 0 faded after None s | max puffs 3 | w written False
  [final-fx drawn] ironhail v widowmaker 99001: draws 1337 thrown None windows 3 resolved 60 (landed 17) found 60 spot 60 bad [] hit 60 bad [] tag 17 bad [] killing landings 0 | hail frames 1139 (stop 104) close->0 [0.5, 0.5583, 0.5] death->0 [] | at kill [[0, False, False]] -> 0 after 0 s; bolts in the air at the kill 0 faded after None s | max puffs 3 | w written False
  [final-fx drawn] ironwood v ironhail 1234: draws 963 thrown None windows 2 resolved 40 (landed 40) found 40 spot 40 bad [] hit 40 bad [] tag 40 bad [] killing landings 0 | hail frames 777 (stop 69) close->0 [0.5, 0.5] death->0 [] | at kill [[0, True, False]] -> 0 after 0 s; bolts in the air at the kill 0 faded after None s | max puffs 3 | w written False
  [final-fx drawn] ironhail v bindweed 2317: draws 965 thrown None windows 2 resolved 40 (landed 13) found 40 spot 40 bad [] hit 40 bad [] tag 13 bad [] killing landings 0 | hail frames 777 (stop 97) close->0 [0.5, 0.5] death->0 [] | at kill [[0, True, False]] -> 0 after 0 s; bolts in the air at the kill 0 faded after None s | max puffs 3 | w written False
  [final-fx drawn] morningstar v ironhail 8888: draws 1270 thrown None windows 3 resolved 55 (landed 12) found 55 spot 55 bad [] hit 55 bad [] tag 12 bad [] killing landings 0 | hail frames 1134 (stop 209) close->0 [0.5, 0.5] death->0 [] | at kill [[0.9833333333333333, True, False]] -> 0 after 0.5 s; bolts in the air at the kill 1 faded after 0.2417 s | max puffs 3 | w written False
  [final-fx drawn] ironhail v lightkeeper 99008: draws 1731 thrown None windows 4 resolved 72 (landed 20) found 72 spot 72 bad [] hit 72 bad [] tag 20 bad [] killing landings 0 | hail frames 1561 (stop 350) close->0 [0.5, 0.5, 0.5417] death->0 [] | at kill [[0.9833333333333333, False, True]] -> 0 after 0.5 s; bolts in the air at the kill 1 faded after 0.2417 s | max puffs 3 | w written False
  [final-fx drawn] lastlight v ironhail 4242: draws 1048 thrown None windows 3 resolved 44 (landed 13) found 44 spot 44 bad [] hit 44 bad [] tag 13 bad [] killing landings 0 | hail frames 872 (stop 129) close->0 [0.5, 0.5] death->0 [] | at kill [[0.9833333333333333, True, False]] -> 0 after 0.5 s; bolts in the air at the kill 0 faded after None s | max puffs 3 | w written False
  [final-fx drawn] axiom v grudgebearer 31337: draws 461 thrown None windows 0 resolved 0 (landed 0) found 0 spot 0 bad [] hit 0 bad [] tag 0 bad [] killing landings 0 | hail frames 0 (stop 0) close->0 [] death->0 [] | at kill None -> 0 after None s; bolts in the air at the kill 0 faded after None s | max puffs 0 | w written False
  [final-fx drawn] morningstar v lastlight 4242: draws 325 thrown None windows 0 resolved 0 (landed 0) found 0 spot 0 bad [] hit 0 bad [] tag 0 bad [] killing landings 0 | hail frames 0 (stop 0) close->0 [] death->0 [] | at kill None -> 0 after None s; bolts in the air at the kill 0 faded after None s | max puffs 0 | w written False
  [final drawn] ironhail v spellbreaker 99015: draws 1927 thrown None windows 5 resolved 84 (landed 30) found 84 spot 84 bad [] hit 84 bad [] tag 30 bad [] killing landings 0 | hail frames 1731 (stop 282) close->0 [0.5, 0.5, 0.5, 0.6083] death->0 [] | at kill [[0.9833333333333333, False, True]] -> 0 after 0.5 s; bolts in the air at the kill 1 faded after 0.2417 s | max puffs 3 | w written False
  [final drawn] dawnbringer v ironhail 99001: draws 1312 thrown None windows 3 resolved 58 (landed 18) found 58 spot 58 bad [] hit 58 bad [] tag 18 bad [] killing landings 0 | hail frames 1135 (stop 119) close->0 [0.5333, 0.5417] death->0 [] | at kill [[0.9833333333333333, False, False]] -> 0 after 0.5 s; bolts in the air at the kill 0 faded after None s | max puffs 3 | w written False
  [final drawn] ironhail v gravemourn 99015: draws 951 thrown None windows 2 resolved 40 (landed 15) found 40 spot 40 bad [] hit 40 bad [] tag 15 bad [] killing landings 0 | hail frames 787 (stop 93) close->0 [0.5, 0.5] death->0 [] | at kill [[0, True, False]] -> 0 after 0 s; bolts in the air at the kill 0 faded after None s | max puffs 3 | w written False
  [final drawn] twinshade v ironhail 99008: draws 1452 thrown None windows 3 resolved 60 (landed 12) found 60 spot 60 bad [] hit 60 bad [] tag 12 bad [] killing landings 0 | hail frames 1242 (stop 255) close->0 [0.5833, 0.9833, 0.625] death->0 [] | at kill [[0, True, False]] -> 0 after 0 s; bolts in the air at the kill 0 faded after None s | max puffs 3 | w written False
  [final drawn] ironhail v grudgebearer 31337: draws 885 thrown None windows 2 resolved 33 (landed 7) found 33 spot 33 bad [] hit 33 bad [] tag 7 bad [] killing landings 0 | hail frames 782 (stop 211) close->0 [0.5] death->0 [] | at kill [[0.9833333333333333, True, False]] -> 0 after 0.5 s; bolts in the air at the kill 1 faded after 0.2417 s | max puffs 3 | w written False
  [final drawn] aureole v ironhail 4101: draws 923 thrown None windows 2 resolved 40 (landed 8) found 40 spot 40 bad [] hit 40 bad [] tag 8 bad [] killing landings 0 | hail frames 742 (stop 62) close->0 [0.5333, 0.5] death->0 [] | at kill [[0, True, False]] -> 0 after 0 s; bolts in the air at the kill 0 faded after None s | max puffs 3 | w written False
  [final drawn] ironhail v widowmaker 99001: draws 1337 thrown None windows 3 resolved 60 (landed 17) found 60 spot 60 bad [] hit 60 bad [] tag 17 bad [] killing landings 0 | hail frames 1139 (stop 104) close->0 [0.5, 0.5583, 0.5] death->0 [] | at kill [[0, False, False]] -> 0 after 0 s; bolts in the air at the kill 0 faded after None s | max puffs 3 | w written False
  [final drawn] ironwood v ironhail 1234: draws 963 thrown None windows 2 resolved 40 (landed 40) found 40 spot 40 bad [] hit 40 bad [] tag 40 bad [] killing landings 0 | hail frames 777 (stop 69) close->0 [0.5, 0.5] death->0 [] | at kill [[0, True, False]] -> 0 after 0 s; bolts in the air at the kill 0 faded after None s | max puffs 3 | w written False
  [final drawn] ironhail v bindweed 2317: draws 965 thrown None windows 2 resolved 40 (landed 13) found 40 spot 40 bad [] hit 40 bad [] tag 13 bad [] killing landings 0 | hail frames 777 (stop 97) close->0 [0.5, 0.5] death->0 [] | at kill [[0, True, False]] -> 0 after 0 s; bolts in the air at the kill 0 faded after None s | max puffs 3 | w written False
  [final drawn] morningstar v ironhail 8888: draws 1270 thrown None windows 3 resolved 55 (landed 12) found 55 spot 55 bad [] hit 55 bad [] tag 12 bad [] killing landings 0 | hail frames 1134 (stop 209) close->0 [0.5, 0.5] death->0 [] | at kill [[0.9833333333333333, True, False]] -> 0 after 0.5 s; bolts in the air at the kill 1 faded after 0.2417 s | max puffs 3 | w written False
  [final drawn] ironhail v lightkeeper 99008: draws 1731 thrown None windows 4 resolved 72 (landed 20) found 72 spot 72 bad [] hit 72 bad [] tag 20 bad [] killing landings 0 | hail frames 1561 (stop 350) close->0 [0.5, 0.5, 0.5417] death->0 [] | at kill [[0.9833333333333333, False, True]] -> 0 after 0.5 s; bolts in the air at the kill 1 faded after 0.2417 s | max puffs 3 | w written False
  [final drawn] lastlight v ironhail 4242: draws 1048 thrown None windows 3 resolved 44 (landed 13) found 44 spot 44 bad [] hit 44 bad [] tag 13 bad [] killing landings 0 | hail frames 872 (stop 129) close->0 [0.5, 0.5] death->0 [] | at kill [[0.9833333333333333, True, False]] -> 0 after 0.5 s; bolts in the air at the kill 0 faded after None s | max puffs 3 | w written False
  [final drawn] axiom v grudgebearer 31337: draws 461 thrown None windows 0 resolved 0 (landed 0) found 0 spot 0 bad [] hit 0 bad [] tag 0 bad [] killing landings 0 | hail frames 0 (stop 0) close->0 [] death->0 [] | at kill None -> 0 after None s; bolts in the air at the kill 0 faded after None s | max puffs 0 | w written False
  [final drawn] morningstar v lastlight 4242: draws 325 thrown None windows 0 resolved 0 (landed 0) found 0 spot 0 bad [] hit 0 bad [] tag 0 bad [] killing landings 0 | hail frames 0 (stop 0) close->0 [] death->0 [] | at kill None -> 0 after None s; bolts in the air at the kill 0 faded after None s | max puffs 0 | w written False
('ironhail', 'spellbreaker', 99015): final          IDENTICAL  steps@kill 9563 hash@kill [3820965198, 3614455694] winner Spellbreaker t 79.69166666667616 landed 30
('ironhail', 'spellbreaker', 99015): final-fx       IDENTICAL  steps@kill 9563 hash@kill [3820965198, 3614455694] winner Spellbreaker t 79.69166666667616 landed 30
('ironhail', 'spellbreaker', 99015): final-fx drawn IDENTICAL  steps@kill 9563 hash@kill [3820965198, 3614455694] winner Spellbreaker t 79.69166666667616 landed 30
('ironhail', 'spellbreaker', 99015): final drawn    IDENTICAL  steps@kill 9563 hash@kill [3820965198, 3614455694] winner Spellbreaker t 79.69166666667616 landed 30
('ironhail', 'spellbreaker', 99015): CONTROL (must differ)  DIFFERS  landed 30 (control bit)
('dawnbringer', 'ironhail', 99001): final          IDENTICAL  steps@kill 6598 hash@kill [2811197589, 3962808455] winner Dawnbringer t 54.983333333330854 landed 18
('dawnbringer', 'ironhail', 99001): final-fx       IDENTICAL  steps@kill 6598 hash@kill [2811197589, 3962808455] winner Dawnbringer t 54.983333333330854 landed 18
('dawnbringer', 'ironhail', 99001): final-fx drawn IDENTICAL  steps@kill 6598 hash@kill [2811197589, 3962808455] winner Dawnbringer t 54.983333333330854 landed 18
('dawnbringer', 'ironhail', 99001): final drawn    IDENTICAL  steps@kill 6598 hash@kill [2811197589, 3962808455] winner Dawnbringer t 54.983333333330854 landed 18
('dawnbringer', 'ironhail', 99001): CONTROL (must differ)  DIFFERS  landed 18 (control bit)
('ironhail', 'gravemourn', 99015): final          IDENTICAL  steps@kill 4867 hash@kill [1860340808, 4117284800] winner Ironhail t 40.558333333331674 landed 15
('ironhail', 'gravemourn', 99015): final-fx       IDENTICAL  steps@kill 4867 hash@kill [1860340808, 4117284800] winner Ironhail t 40.558333333331674 landed 15
('ironhail', 'gravemourn', 99015): final-fx drawn IDENTICAL  steps@kill 4867 hash@kill [1860340808, 4117284800] winner Ironhail t 40.558333333331674 landed 15
('ironhail', 'gravemourn', 99015): final drawn    IDENTICAL  steps@kill 4867 hash@kill [1860340808, 4117284800] winner Ironhail t 40.558333333331674 landed 15
('ironhail', 'gravemourn', 99015): CONTROL (must differ)  DIFFERS  landed 15 (control bit)
('twinshade', 'ironhail', 99008): final          IDENTICAL  steps@kill 7340 hash@kill [3562505333, 2177742665] winner Ironhail t 61.166666666663836 landed 12
('twinshade', 'ironhail', 99008): final-fx       IDENTICAL  steps@kill 7340 hash@kill [3562505333, 2177742665] winner Ironhail t 61.166666666663836 landed 12
('twinshade', 'ironhail', 99008): final-fx drawn IDENTICAL  steps@kill 7340 hash@kill [3562505333, 2177742665] winner Ironhail t 61.166666666663836 landed 12
('twinshade', 'ironhail', 99008): final drawn    IDENTICAL  steps@kill 7340 hash@kill [3562505333, 2177742665] winner Ironhail t 61.166666666663836 landed 12
('twinshade', 'ironhail', 99008): CONTROL (must differ)  DIFFERS  landed 12 (control bit)
('ironhail', 'grudgebearer', 31337): final          IDENTICAL  steps@kill 4458 hash@kill [284176327, 3075906247] winner Ironhail t 37.149999999998535 landed 7
('ironhail', 'grudgebearer', 31337): final-fx       IDENTICAL  steps@kill 4458 hash@kill [284176327, 3075906247] winner Ironhail t 37.149999999998535 landed 7
('ironhail', 'grudgebearer', 31337): final-fx drawn IDENTICAL  steps@kill 4458 hash@kill [284176327, 3075906247] winner Ironhail t 37.149999999998535 landed 7
('ironhail', 'grudgebearer', 31337): final drawn    IDENTICAL  steps@kill 4458 hash@kill [284176327, 3075906247] winner Ironhail t 37.149999999998535 landed 7
('ironhail', 'grudgebearer', 31337): CONTROL (must differ)  DIFFERS  landed 7 (control bit)
('aureole', 'ironhail', 4101): final          IDENTICAL  steps@kill 5132 hash@kill [218704509, 2786187393] winner Ironhail t 42.76666666666488 landed 8
('aureole', 'ironhail', 4101): final-fx       IDENTICAL  steps@kill 5132 hash@kill [218704509, 2786187393] winner Ironhail t 42.76666666666488 landed 8
('aureole', 'ironhail', 4101): final-fx drawn IDENTICAL  steps@kill 5132 hash@kill [218704509, 2786187393] winner Ironhail t 42.76666666666488 landed 8
('aureole', 'ironhail', 4101): final drawn    IDENTICAL  steps@kill 5132 hash@kill [218704509, 2786187393] winner Ironhail t 42.76666666666488 landed 8
('aureole', 'ironhail', 4101): CONTROL (must differ)  DIFFERS  landed 8 (control bit)
('ironhail', 'widowmaker', 99001): final          IDENTICAL  steps@kill 6764 hash@kill [800811513, 142223109] winner Widowmaker t 56.36666666666411 landed 17
('ironhail', 'widowmaker', 99001): final-fx       IDENTICAL  steps@kill 6764 hash@kill [800811513, 142223109] winner Widowmaker t 56.36666666666411 landed 17
('ironhail', 'widowmaker', 99001): final-fx drawn IDENTICAL  steps@kill 6764 hash@kill [800811513, 142223109] winner Widowmaker t 56.36666666666411 landed 17
('ironhail', 'widowmaker', 99001): final drawn    IDENTICAL  steps@kill 6764 hash@kill [800811513, 142223109] winner Widowmaker t 56.36666666666411 landed 17
('ironhail', 'widowmaker', 99001): CONTROL (must differ)  DIFFERS  landed 17 (control bit)
('ironwood', 'ironhail', 1234): final          IDENTICAL  steps@kill 5340 hash@kill [4288016033, 3123549743] winner Ironhail t 44.49999999999812 landed 40
('ironwood', 'ironhail', 1234): final-fx       IDENTICAL  steps@kill 5340 hash@kill [4288016033, 3123549743] winner Ironhail t 44.49999999999812 landed 40
('ironwood', 'ironhail', 1234): final-fx drawn IDENTICAL  steps@kill 5340 hash@kill [4288016033, 3123549743] winner Ironhail t 44.49999999999812 landed 40
('ironwood', 'ironhail', 1234): final drawn    IDENTICAL  steps@kill 5340 hash@kill [4288016033, 3123549743] winner Ironhail t 44.49999999999812 landed 40
('ironwood', 'ironhail', 1234): CONTROL (must differ)  DIFFERS  landed 40 (control bit)
('ironhail', 'bindweed', 2317): final          IDENTICAL  steps@kill 5407 hash@kill [1777396335, 997008383] winner Ironhail t 45.05833333333142 landed 13
('ironhail', 'bindweed', 2317): final-fx       IDENTICAL  steps@kill 5407 hash@kill [1777396335, 997008383] winner Ironhail t 45.05833333333142 landed 13
('ironhail', 'bindweed', 2317): final-fx drawn IDENTICAL  steps@kill 5407 hash@kill [1777396335, 997008383] winner Ironhail t 45.05833333333142 landed 13
('ironhail', 'bindweed', 2317): final drawn    IDENTICAL  steps@kill 5407 hash@kill [1777396335, 997008383] winner Ironhail t 45.05833333333142 landed 13
('ironhail', 'bindweed', 2317): CONTROL (must differ)  DIFFERS  landed 13 (control bit)
('morningstar', 'ironhail', 8888): final          IDENTICAL  steps@kill 6309 hash@kill [2011394059, 1926131379] winner Ironhail t 52.57499999999766 landed 12
('morningstar', 'ironhail', 8888): final-fx       IDENTICAL  steps@kill 6309 hash@kill [2011394059, 1926131379] winner Ironhail t 52.57499999999766 landed 12
('morningstar', 'ironhail', 8888): final-fx drawn IDENTICAL  steps@kill 6309 hash@kill [2011394059, 1926131379] winner Ironhail t 52.57499999999766 landed 12
('morningstar', 'ironhail', 8888): final drawn    IDENTICAL  steps@kill 6309 hash@kill [2011394059, 1926131379] winner Ironhail t 52.57499999999766 landed 12
('morningstar', 'ironhail', 8888): CONTROL (must differ)  DIFFERS  landed 12 (control bit)
('ironhail', 'lightkeeper', 99008): final          IDENTICAL  steps@kill 8400 hash@kill [3962909505, 2580344999] winner Lightkeeper t 70.00000000000178 landed 20
('ironhail', 'lightkeeper', 99008): final-fx       IDENTICAL  steps@kill 8400 hash@kill [3962909505, 2580344999] winner Lightkeeper t 70.00000000000178 landed 20
('ironhail', 'lightkeeper', 99008): final-fx drawn IDENTICAL  steps@kill 8400 hash@kill [3962909505, 2580344999] winner Lightkeeper t 70.00000000000178 landed 20
('ironhail', 'lightkeeper', 99008): final drawn    IDENTICAL  steps@kill 8400 hash@kill [3962909505, 2580344999] winner Lightkeeper t 70.00000000000178 landed 20
('ironhail', 'lightkeeper', 99008): CONTROL (must differ)  DIFFERS  landed 20 (control bit)
('lastlight', 'ironhail', 4242): final          IDENTICAL  steps@kill 5782 hash@kill [3137829139, 776391923] winner Ironhail t 48.18333333333124 landed 13
('lastlight', 'ironhail', 4242): final-fx       IDENTICAL  steps@kill 5782 hash@kill [3137829139, 776391923] winner Ironhail t 48.18333333333124 landed 13
('lastlight', 'ironhail', 4242): final-fx drawn IDENTICAL  steps@kill 5782 hash@kill [3137829139, 776391923] winner Ironhail t 48.18333333333124 landed 13
('lastlight', 'ironhail', 4242): final drawn    IDENTICAL  steps@kill 5782 hash@kill [3137829139, 776391923] winner Ironhail t 48.18333333333124 landed 13
('lastlight', 'ironhail', 4242): CONTROL (must differ)  DIFFERS  landed 13 (control bit)
('axiom', 'grudgebearer', 31337): final          IDENTICAL  steps@kill 9611 hash@kill [899201583, 387360479] winner Axiom t 80.09166666667647 landed 0
('axiom', 'grudgebearer', 31337): final-fx       IDENTICAL  steps@kill 9611 hash@kill [899201583, 387360479] winner Axiom t 80.09166666667647 landed 0
('axiom', 'grudgebearer', 31337): final-fx drawn IDENTICAL  steps@kill 9611 hash@kill [899201583, 387360479] winner Axiom t 80.09166666667647 landed 0
('axiom', 'grudgebearer', 31337): final drawn    IDENTICAL  steps@kill 9611 hash@kill [899201583, 387360479] winner Axiom t 80.09166666667647 landed 0
('axiom', 'grudgebearer', 31337): CONTROL (must differ)  IDENTICAL  landed 0 (control bit)
('morningstar', 'lastlight', 4242): final          IDENTICAL  steps@kill 6348 hash@kill [1650866661, 1918995089] winner Lastlight t 52.89999999999764 landed 0
('morningstar', 'lastlight', 4242): final-fx       IDENTICAL  steps@kill 6348 hash@kill [1650866661, 1918995089] winner Lastlight t 52.89999999999764 landed 0
('morningstar', 'lastlight', 4242): final-fx drawn IDENTICAL  steps@kill 6348 hash@kill [1650866661, 1918995089] winner Lastlight t 52.89999999999764 landed 0
('morningstar', 'lastlight', 4242): final drawn    IDENTICAL  steps@kill 6348 hash@kill [1650866661, 1918995089] winner Lastlight t 52.89999999999764 landed 0
('morningstar', 'lastlight', 4242): CONTROL (must differ)  IDENTICAL  landed 0 (control bit)
SIM IDENTITY: PASS | CONTROL: BIT ON EVERY IRONHAIL FIGHT WITH A LANDING
